// Jest Snapshot v1, https://goo.gl/fbAQLP

exports[`Main component renders as expected 1`] = `ShallowWrapper {}`;
